    Hinst Name              Module Name                                                                                                                                                                        Inst Count           Total Area
-------------------------------------------------------------------------------------------------------------------------------------------------------------------------------------------------------------------------------------------
et4351                                                                                                                                                                                                              40595           215452.339
 accel                      accelerator                                                                                                                                                                             18558            81635.742
  accel/fft                 accelerator_fft_LOG_MAX_N32_MEM_WIDTH32_ADDR_WIDTH7                                                                                                                                      5747            24156.486
  accel/mem                 accelerator_mem_MEM_DEPTH128                                                                                                                                                            11475            50498.010
 flash_bufs_0_              bidir_buf_2076                                                                                                                                                                              6               50.616
 flash_bufs_1_              bidir_buf_2077                                                                                                                                                                              6               53.352
 flash_bufs_2_              bidir_buf_2078                                                                                                                                                                              5               47.538
 flash_bufs_3_              bidir_buf                                                                                                                                                                                   2               17.784
 soc                        picosoc                                                                                                                                                                                 21986           133457.497
  soc/cpu                   picorv32_ENABLE_COUNTERS1_BARREL_SHIFTER1_COMPRESSED_ISA1_ENABLE_MUL1_ENABLE_FAST_MUL0_ENABLE_DIV1_ENABLE_IRQ1_ENABLE_IRQ_QREGS0_PROGADDR_RESET1048576_PROGADDR_IRQ0_STACKADDR1024      19348            85966.488
   soc/cpu/genblk1.pcpi_mul picorv32_pcpi_mul                                                                                                                                                                        1615             8789.400
   soc/cpu/genblk2.pcpi_div picorv32_pcpi_div                                                                                                                                                                        1642             8119.080
  soc/memory                picosoc_mem_WORDS256                                                                                                                                                                       13            34544.599
  soc/simpleuart            simpleuart                                                                                                                                                                               1120             5633.424
  soc/spimemio              spimemio                                                                                                                                                                                 1202             6312.294
   soc/spimemio/xfer        spimemio_xfer                                                                                                                                                                             390             1845.090
