*----------------------------------------------------------------------------------------
*	Innovus 21.11-s130_1 (64bit) 08/19/2021 16:59 (Linux 3.10.0-693.el7.x86_64)
*	
*
* 	Date & Time:	2026-Apr-08 20:40:09 (2026-Apr-08 18:40:09 GMT)
*
*----------------------------------------------------------------------------------------
*
*	Design: et4351
*
*	Liberty Libraries used: 
*	        analysis_view_power: /data/Cadence/gpdk045_v60/gsclib045_svt_v4.7/gsclib045/timing/fast_vdd1v2_basicCells.lib
*	        analysis_view_power: /data/Cadence/gpdk045_v60/Synopsys_sram/saed32sram_tt1p05v125c.lib
*
*	Power Domain used: 
*              Rail:        VDD      Voltage:       1.32 
*
*       Power View : analysis_view_power
*
*       User-Defined Activity : N.A.
*
*	Switching Activity File used: 
*	        ../sim_struct/vcd/et4351.struct.vcd
*                    Vcd Window used(Start Time, Stop Time):   
*                     Vcd Scale Factor: 1 
* *                    Design annotation coverage: 0/61383 = 0% 
*
*       Hierarchical Global Activity: N.A.
*
*       Global Activity: N.A.
*
*       Sequential Element Activity: N.A.
*
*       Primary Input Activity: N.A.
*
*       Default icg ratio: N.A.
*
*       Global Comb ClockGate Ratio: N.A.
*
*	Power Units = 1mW
*
*	Time Units = 1e-09 secs 
*
*       report_power -outfile finalReports/report_power.rpt -hierarchy all
*
-----------------------------------------------------------------------------------------


Total Power 
-----------------------------------------------------------------------------------------
Total Internal Power:        0.29384461 	   65.4790%
Total Switching Power:       0.12867509 	   28.6734%
Total Leakage Power:         0.02624179 	    5.8476%
Total Power:                 0.44876150 
-----------------------------------------------------------------------------------------


Group                           Internal   Switching     Leakage       Total  Percentage 
                                Power      Power         Power         Power  (%)        
-----------------------------------------------------------------------------------------
Sequential                        0.2296   0.0008141    0.007062      0.2374       52.91 
Macro                                  0    1.49e-05           0    1.49e-05    0.003321 
IO                                     0           0   1.014e-07   1.014e-07    2.26e-05 
Combinational                    0.03208     0.05509     0.01893      0.1061       23.64 
Clock (Combinational)             0.0319     0.07256    0.000251      0.1047       23.33 
Clock (Sequential)             0.0003047   0.0001915   2.248e-06   0.0004985      0.1111 
-----------------------------------------------------------------------------------------
Total                             0.2938      0.1287     0.02624      0.4488         100 
-----------------------------------------------------------------------------------------


Clock                           Internal   Switching     Leakage       Total  Percentage 
                                Power      Power         Power         Power  (%)        
-----------------------------------------------------------------------------------------
clk                              0.03221     0.07275   0.0002533      0.1052       23.45 
-----------------------------------------------------------------------------------------
Total (excluding duplicates)     0.03221     0.07275   0.0002533      0.1052       23.45 
-----------------------------------------------------------------------------------------
Clock: clk
Clock Period: 0.083330 usec 
Clock Toggle Rate:    23.9682 Mhz 
Clock Static Probability:  0.4997



Rail                  Voltage   Internal   Switching     Leakage       Total  Percentage 
                                Power      Power         Power         Power  (%)        
-----------------------------------------------------------------------------------------
VDD                      1.32     0.2938      0.1287     0.02624      0.4488         100 


Total Power 
-----------------------------------------------------------------------------------------
Total Internal Power:        0.29384461 	   65.4790%
Total Switching Power:       0.12867509 	   28.6734%
Total Leakage Power:         0.02624179 	    5.8476%
Total Power:                 0.44876150 
-----------------------------------------------------------------------------------------


Hierarchy                       Internal   Switching     Leakage       Total  Percentage 
                                Power      Power         Power         Power  (%)        
-----------------------------------------------------------------------------------------
soc                               0.1453     0.04401    0.009764      0.1991       44.36  
accel                             0.1442     0.07495     0.01642      0.2356       52.49  
flash_bufs_0_                  4.213e-06   8.495e-06   3.824e-06   1.653e-05    0.003684  
flash_bufs_1_                          0   9.047e-05   1.631e-06    9.21e-05     0.02052  
flash_bufs_2_                          0           0   4.231e-06   4.231e-06   0.0009429  
flash_bufs_3_                          0           0   4.231e-06   4.231e-06   0.0009429  
soc/memory                     2.013e-06   2.669e-05   4.677e-06   3.338e-05    0.007438  
accel/fft                        0.05808     0.05025     0.01088      0.1192       26.56  
accel/mem                         0.0767     0.02009    0.004931      0.1017       22.67  
soc/cpu                           0.1174     0.03495    0.008526      0.1609       35.85  
soc/spimemio                     0.01534    0.005635   0.0005925     0.02157       4.806  
soc/simpleuart                   0.01108   0.0008934   0.0005163     0.01249       2.783  
soc/cpu/genblk2.pcpi_div        0.009832    2.18e-05   0.0007774     0.01063       2.369  
soc/spimemio/xfer                0.00623     0.00282   0.0001802     0.00923       2.057  
soc/cpu/genblk1.pcpi_mul         0.01258   1.113e-05   0.0008425     0.01344       2.994  


-----------------------------------------------------------------------------------------
*	Power Distribution Summary: 
*                Highest Average Power: soc/cpu/CTS_cpc_drv_buf_00409 (CLKBUFX20):         0.002004 
*                Highest Leakage Power: accel/fft/FE_OFC1714_n_2360 (CLKBUFX20):        2.291e-06 
*          Total Cap:      2.54073e-10 F
*          Total instances in design: 59759
*          Total instances in design with no power:     0
*          Total instances in design with no activity:     0
*          Total Fillers and Decap:     0
-----------------------------------------------------------------------------------------

