*----------------------------------------------------------------------------------------
*	Innovus 21.11-s130_1 (64bit) 08/19/2021 16:59 (Linux 3.10.0-693.el7.x86_64)
*	
*
* 	Date & Time:	2026-Apr-09 01:32:13 (2026-Apr-08 23:32:13 GMT)
*
*----------------------------------------------------------------------------------------
*
*	Design: et4351
*
*	Liberty Libraries used: 
*	        analysis_view_power: /home/nfs/jhque/project/pnr/checkpoints/et4351_done.enc.dat/libs/mmmc/fast_vdd1v2_basicCells.lib
*	        analysis_view_power: /home/nfs/jhque/project/pnr/checkpoints/et4351_done.enc.dat/libs/mmmc/saed32sram_tt1p05v125c.lib
*
*	Power Domain used: 
*              Rail:        VDD      Voltage:       1.32 
*
*       Power View : analysis_view_power
*
*       User-Defined Activity : N.A.
*
*	Switching Activity File used: 
*	        ../sim_phys/vcd/et4351.phys.hold.vcd
*                    Vcd Window used(Start Time, Stop Time):   
*                     Vcd Scale Factor: 1 
* *                    Design annotation coverage: 0/61683 = 0% 
*
*       Hierarchical Global Activity: N.A.
*
*       Global Activity: N.A.
*
*       Sequential Element Activity: N.A.
*
*       Primary Input Activity: N.A.
*
*       Default icg ratio: N.A.
*
*       Global Comb ClockGate Ratio: N.A.
*
*	Power Units = 1mW
*
*	Time Units = 1e-09 secs 
*
*       report_power -outfile finalReports/report_power_postRouteVCD.rpt -hierarchy all
*
-----------------------------------------------------------------------------------------


Total Power 
-----------------------------------------------------------------------------------------
Total Internal Power:        0.15582524 	   66.1105%
Total Switching Power:       0.05354848 	   22.7185%
Total Leakage Power:         0.02633031 	   11.1709%
Total Power:                 0.23570404 
-----------------------------------------------------------------------------------------


Group                           Internal   Switching     Leakage       Total  Percentage 
                                Power      Power         Power         Power  (%)        
-----------------------------------------------------------------------------------------
Sequential                        0.1285   0.0005397    0.007071      0.1361       57.76 
Macro                                  0   2.511e-05           0   2.511e-05     0.01065 
IO                                     0           0   1.014e-07   1.014e-07   4.302e-05 
Combinational                   0.006877    0.007283     0.01901     0.03317       14.07 
Clock (Combinational)            0.02012      0.0457   0.0002442     0.06606       28.03 
Clock (Sequential)             0.0003072           0   2.806e-06     0.00031      0.1315 
-----------------------------------------------------------------------------------------
Total                             0.1558     0.05355     0.02633      0.2357         100 
-----------------------------------------------------------------------------------------


Clock                           Internal   Switching     Leakage       Total  Percentage 
                                Power      Power         Power         Power  (%)        
-----------------------------------------------------------------------------------------
clk                              0.02042      0.0457    0.000247     0.06637       28.16 
-----------------------------------------------------------------------------------------
Total (excluding duplicates)     0.02042      0.0457    0.000247     0.06637       28.16 
-----------------------------------------------------------------------------------------
Clock: clk
Clock Period: 0.083330 usec 
Clock Toggle Rate:    23.8183 Mhz 
Clock Static Probability:  0.5002



Rail                  Voltage   Internal   Switching     Leakage       Total  Percentage 
                                Power      Power         Power         Power  (%)        
-----------------------------------------------------------------------------------------
VDD                      1.32     0.1558     0.05355     0.02633      0.2357         100 


Total Power 
-----------------------------------------------------------------------------------------
Total Internal Power:        0.15582524 	   66.1105%
Total Switching Power:       0.05354848 	   22.7185%
Total Leakage Power:         0.02633031 	   11.1709%
Total Power:                 0.23570404 
-----------------------------------------------------------------------------------------


Hierarchy                       Internal   Switching     Leakage       Total  Percentage 
                                Power      Power         Power         Power  (%)        
-----------------------------------------------------------------------------------------
soc                               0.1424     0.04299     0.00976      0.1951       82.79  
accel                           0.008744     0.00127     0.01652     0.02654       11.26  
flash_bufs_0_                          0           0   2.924e-06   2.924e-06     0.00124  
flash_bufs_1_                          0   0.0001483   3.439e-06   0.0001518     0.06439  
flash_bufs_2_                          0           0   2.535e-06   2.535e-06    0.001075  
flash_bufs_3_                          0           0   2.535e-06   2.535e-06    0.001075  
soc/memory                     1.566e-06   3.226e-05   2.358e-06   3.618e-05     0.01535  
accel/fft                              0           0     0.01099     0.01099       4.662  
accel/mem                              0           0     0.00492     0.00492       2.087  
soc/cpu                            0.116     0.03439    0.008506      0.1589       67.44  
soc/spimemio                     0.01362    0.003756   0.0005852     0.01797       7.622  
soc/simpleuart                   0.01077    0.000744   0.0005279     0.01204       5.109  
soc/spimemio/xfer               0.005113     0.00211   0.0001759    0.007398       3.139  
soc/cpu/genblk1.pcpi_mul         0.01252   6.036e-05   0.0008285     0.01341       5.689  
soc/cpu/genblk2.pcpi_div        0.009714   1.527e-05   0.0007833     0.01051        4.46  


-----------------------------------------------------------------------------------------
*	Power Distribution Summary: 
*                Highest Average Power: soc/cpu/CTS_ccl_a_buf_00033 (CLKBUFX20):          0.00194 
*                Highest Leakage Power: accel/fft/FE_OFC145_n_11241 (CLKBUFX20):        2.292e-06 
*          Total Cap:      2.53464e-10 F
*          Total instances in design: 60059
*          Total instances in design with no power:     0
*          Total instances in design with no activity:     0
*          Total Fillers and Decap:     0
-----------------------------------------------------------------------------------------

