*----------------------------------------------------------------------------------------
*	Innovus 21.11-s130_1 (64bit) 08/19/2021 16:59 (Linux 3.10.0-693.el7.x86_64)
*	
*
* 	Date & Time:	2026-Apr-06 15:55:19 (2026-Apr-06 13:55:19 GMT)
*
*----------------------------------------------------------------------------------------
*
*	Design: et4351
*
*	Liberty Libraries used: 
*	        analysis_view_power: /home/nfs/shanghonglin/project/pnr/checkpoints/et4351_cts.enc.dat/libs/mmmc/fast_vdd1v2_basicCells.lib
*	        analysis_view_power: /home/nfs/shanghonglin/project/pnr/checkpoints/et4351_cts.enc.dat/libs/mmmc/saed32sram_tt1p05v125c.lib
*
*	Power Domain used: 
*              Rail:        VDD      Voltage:       1.32 
*
*       Power View : analysis_view_power
*
*       User-Defined Activity : N.A.
*
*	Switching Activity File used: 
*	        /home/nfs/shanghonglin/project/pnr/checkpoints/et4351_cts.enc.dat/libs/power/et4351.struct.vcd
*                    Vcd Window used(Start Time, Stop Time):   
*                     Vcd Scale Factor: 1 
* *                    Design annotation coverage: 0/67999 = 0% 
*
*       Hierarchical Global Activity: N.A.
*
*       Global Activity: N.A.
*
*       Sequential Element Activity: N.A.
*
*       Primary Input Activity: N.A.
*
*       Default icg ratio: N.A.
*
*       Global Comb ClockGate Ratio: N.A.
*
*	Power Units = 1mW
*
*	Time Units = 1e-09 secs 
*
*       report_power -outfile finalReports/report_power.rpt -hierarchy all
*
-----------------------------------------------------------------------------------------


Total Power 
-----------------------------------------------------------------------------------------
Total Internal Power:        0.40996102 	   73.2244%
Total Switching Power:       0.12415566 	   22.1758%
Total Leakage Power:         0.02575247 	    4.5997%
Total Power:                 0.55986915 
-----------------------------------------------------------------------------------------


Group                           Internal   Switching     Leakage       Total  Percentage 
                                Power      Power         Power         Power  (%)        
-----------------------------------------------------------------------------------------
Sequential                        0.3507    0.000537    0.005918      0.3572        63.8 
Macro                          2.441e-06   1.868e-05           0   2.112e-05    0.003772 
IO                                     0           0   2.028e-07   2.028e-07   3.622e-05 
Combinational                   0.007206     0.00748     0.01961      0.0343       6.127 
Clock (Combinational)            0.05202      0.1161   0.0002204      0.1684       30.07 
Clock (Sequential)                     0           0           0           0           0 
-----------------------------------------------------------------------------------------
Total                               0.41      0.1242     0.02575      0.5599         100 
-----------------------------------------------------------------------------------------


Clock                           Internal   Switching     Leakage       Total  Percentage 
                                Power      Power         Power         Power  (%)        
-----------------------------------------------------------------------------------------
clk                              0.05202      0.1161   0.0002204      0.1684       30.07 
-----------------------------------------------------------------------------------------
Total (excluding duplicates)     0.05202      0.1161   0.0002204      0.1684       30.07 
-----------------------------------------------------------------------------------------
Clock: clk
Clock Period: 0.015100 usec 
Clock Toggle Rate:    23.9682 Mhz 
Clock Static Probability:  0.4997



Rail                  Voltage   Internal   Switching     Leakage       Total  Percentage 
                                Power      Power         Power         Power  (%)        
-----------------------------------------------------------------------------------------
VDD                      1.32       0.41      0.1242     0.02575      0.5599         100 


Total Power 
-----------------------------------------------------------------------------------------
Total Internal Power:        0.40996102 	   73.2244%
Total Switching Power:       0.12415566 	   22.1758%
Total Leakage Power:         0.02575247 	    4.5997%
Total Power:                 0.55986915 
-----------------------------------------------------------------------------------------


Hierarchy                       Internal   Switching     Leakage       Total  Percentage 
                                Power      Power         Power         Power  (%)        
-----------------------------------------------------------------------------------------
soc                               0.1439     0.03788    0.009098      0.1909       34.09  
accel                             0.2553     0.06142     0.01658      0.3333       59.52  
flash_bufs_0_                          0           0    2.78e-06    2.78e-06   0.0004966  
flash_bufs_1_                          0   0.0001184   1.872e-06   0.0001202     0.02148  
flash_bufs_2_                          0           0   2.776e-06   2.776e-06   0.0004958  
flash_bufs_3_                          0           0   2.776e-06   2.776e-06   0.0004958  
soc/cpu                           0.1161     0.02686     0.00794      0.1509       26.95  
soc/memory                      8.11e-06   3.829e-05   5.772e-06   5.217e-05    0.009319  
soc/spimemio                     0.01466    0.003906   0.0005167     0.01908       3.409  
accel/fft                         0.1348     0.03236      0.0109      0.1781       31.81  
accel/mem                        0.08412     0.01701    0.003632      0.1048       18.71  
soc/simpleuart                   0.01028   0.0009952   0.0004648     0.01174       2.097  
soc/cpu/genblk2.pcpi_div         0.00998   4.754e-06   0.0006861     0.01067       1.906  
soc/spimemio/xfer               0.006014    0.002429   0.0001565    0.008599       1.536  
soc/cpu/genblk1.pcpi_mul         0.01305     0.00128   0.0007186     0.01504       2.687  


-----------------------------------------------------------------------------------------
*	Power Distribution Summary: 
*                Highest Average Power:       CTS_ccl_a_buf_00007 (CLKBUFX20):         0.001899 
*                Highest Leakage Power: accel/fft/FE_OFC608_n_8579 (CLKBUFX20):        2.292e-06 
*          Total Cap:      2.51931e-10 F
*          Total instances in design: 65307
*          Total instances in design with no power:     0
*          Total instances in design with no activity:     0
*          Total Fillers and Decap:     0
-----------------------------------------------------------------------------------------

