    Hinst Name              Module Name                                                                                                                                                                        Inst Count           Total Area
-------------------------------------------------------------------------------------------------------------------------------------------------------------------------------------------------------------------------------------------
et4351                                                                                                                                                                                                              40624           219446.557
 accel                      accelerator                                                                                                                                                                             18958            85051.638
  accel/fft                 accelerator_fft_LOG_MAX_N32_MEM_WIDTH32_ADDR_WIDTH7                                                                                                                                      5821            23883.228
  accel/mem                 accelerator_mem_MEM_DEPTH128                                                                                                                                                            11880            54237.780
 flash_bufs_0_              bidir_buf_2066                                                                                                                                                                              3               27.702
 flash_bufs_1_              bidir_buf_2067                                                                                                                                                                              5               39.330
 flash_bufs_2_              bidir_buf_2068                                                                                                                                                                              5               47.538
 flash_bufs_3_              bidir_buf                                                                                                                                                                                   2               17.784
 soc                        picosoc                                                                                                                                                                                 21616           134068.993
  soc/cpu                   picorv32_ENABLE_COUNTERS1_BARREL_SHIFTER1_COMPRESSED_ISA1_ENABLE_MUL1_ENABLE_FAST_MUL0_ENABLE_DIV1_ENABLE_IRQ1_ENABLE_IRQ_QREGS0_PROGADDR_RESET1048576_PROGADDR_IRQ0_STACKADDR1024      18852            86446.314
   soc/cpu/genblk1.pcpi_mul picorv32_pcpi_mul                                                                                                                                                                        1493             8838.648
   soc/cpu/genblk2.pcpi_div picorv32_pcpi_div                                                                                                                                                                        1699             7956.288
  soc/memory                picosoc_mem_WORDS256                                                                                                                                                                       37            34619.839
  soc/simpleuart            simpleuart                                                                                                                                                                               1135             5655.312
  soc/spimemio              spimemio                                                                                                                                                                                 1242             6256.206
   soc/spimemio/xfer        spimemio_xfer                                                                                                                                                                             387             1841.670
