The following 67 nets were included in the VCD files
but were not found in the design:
flash_io0_di
flash_io1_di
flash_io2_di
flash_io3_di
iomem_addr_1_
soc/spimemio_cfgreg_do[30]
soc/spimemio_cfgreg_do[29]
soc/spimemio_cfgreg_do[28]
soc/spimemio_cfgreg_do[27]
soc/spimemio_cfgreg_do[26]
soc/spimemio_cfgreg_do[25]
soc/spimemio_cfgreg_do[24]
soc/spimemio_cfgreg_do[23]
soc/spimemio_cfgreg_do[15]
soc/spimemio_cfgreg_do[14]
soc/spimemio_cfgreg_do[13]
soc/spimemio_cfgreg_do[12]
soc/spimemio_cfgreg_do[11]
soc/spimemio_cfgreg_do[10]
soc/spimemio_cfgreg_do[9]
soc/spimemio_cfgreg_do[8]
soc/spimemio_cfgreg_do[7]
soc/spimemio_cfgreg_do[6]
soc/spimemio_cfgreg_do[5]
soc/spimemio_cfgreg_do[4]
soc/spimemio_cfgreg_do[3]
soc/spimemio_cfgreg_do[2]
soc/spimemio_cfgreg_do[1]
soc/spimemio_cfgreg_do[0]
soc/cpu/mem_rdata_latched[31]
soc/cpu/mem_rdata_latched[30]
soc/cpu/mem_rdata_latched[29]
soc/cpu/mem_rdata_latched[28]
soc/cpu/mem_rdata_latched[25]
soc/cpu/mem_rdata_latched[24]
soc/cpu/mem_rdata_latched[23]
soc/cpu/mem_rdata_latched[22]
soc/cpu/mem_rdata_latched[21]
soc/cpu/mem_rdata_latched[20]
soc/cpu/mem_rdata_latched[19]
soc/cpu/mem_rdata_latched[18]
soc/cpu/mem_rdata_latched[17]
soc/cpu/mem_rdata_latched[16]
soc/cpu/mem_rdata_latched[9]
soc/cpu/mem_rdata_latched[8]
soc/cpu/mem_rdata_latched[7]
soc/cpu/cpu_state[6]
soc/cpu/cpu_state[5]
soc/cpu/cpu_state[4]
soc/cpu/cpu_state[3]
soc/cpu/cpu_state[2]
soc/cpu/cpu_state[1]
soc/cpu/cpu_state[0]
soc/cpu/decoded_imm_j[0]
soc/cpu/pcpi_div_wr
soc/cpu/pcpi_mul_wr
soc/memory/sram_0/OEB
soc/memory/sram_0/CSB
soc/memory/sram_1/OEB
soc/memory/sram_1/CSB
soc/memory/sram_2/OEB
soc/memory/sram_2/CSB
soc/memory/sram_3/OEB
soc/memory/sram_3/CSB
soc/simpleuart/send_pattern[0]
soc/spimemio/din_tag[3]
soc/spimemio/xfer_io3_oe
