    Hinst Name              Module Name                                                                                                                                                                        Inst Count           Total Area
-------------------------------------------------------------------------------------------------------------------------------------------------------------------------------------------------------------------------------------------
et4351                                                                                                                                                                                                              74685           273270.517
 accel                      accelerator                                                                                                                                                                             50680           166536.558
  accel/fft                 accelerator_fft_LOG_MAX_N32_MEM_WIDTH32_ADDR_WIDTH7                                                                                                                                     38348           115155.846
  accel/mem                 accelerator_mem_MEM_DEPTH128                                                                                                                                                            11051            46508.238
 flash_bufs_0_              bidir_buf_4945                                                                                                                                                                              2               17.784
 flash_bufs_1_              bidir_buf_4946                                                                                                                                                                              2               17.784
 flash_bufs_2_              bidir_buf_4947                                                                                                                                                                              2               17.784
 flash_bufs_3_              bidir_buf                                                                                                                                                                                   2               17.784
 soc                        picosoc                                                                                                                                                                                 23947           106417.951
  soc/cpu                   picorv32_ENABLE_COUNTERS1_BARREL_SHIFTER1_COMPRESSED_ISA1_ENABLE_MUL1_ENABLE_FAST_MUL0_ENABLE_DIV1_ENABLE_IRQ1_ENABLE_IRQ_QREGS0_PROGADDR_RESET1048576_PROGADDR_IRQ0_STACKADDR1024      20931            62145.504
   soc/cpu/genblk1.pcpi_mul picorv32_pcpi_mul                                                                                                                                                                        1450             5934.042
   soc/cpu/genblk2.pcpi_div picorv32_pcpi_div                                                                                                                                                                        1845             5794.164
  soc/memory                picosoc_mem_WORDS256                                                                                                                                                                       27            34572.643
  soc/simpleuart            simpleuart                                                                                                                                                                               1224             4187.790
  soc/spimemio              spimemio                                                                                                                                                                                 1425             4750.038
   soc/spimemio/xfer        spimemio_xfer                                                                                                                                                                             412             1396.728
