    Hinst Name              Module Name                                                                                                                                                                        Inst Count           Total Area
-------------------------------------------------------------------------------------------------------------------------------------------------------------------------------------------------------------------------------------------
et4351                                                                                                                                                                                                              78500           283373.539
 accel                      accelerator                                                                                                                                                                             54700           171829.350
  accel/fft                 accelerator_fft_LOG_MAX_N32_MEM_WIDTH32_ADDR_WIDTH7                                                                                                                                     41693           118940.076
  accel/mem                 accelerator_mem_MEM_DEPTH128                                                                                                                                                            11152            47221.308
 flash_bufs_0_              bidir_buf_4952                                                                                                                                                                              2               17.784
 flash_bufs_1_              bidir_buf_4953                                                                                                                                                                              2               17.784
 flash_bufs_2_              bidir_buf_4954                                                                                                                                                                              2               17.784
 flash_bufs_3_              bidir_buf                                                                                                                                                                                   2               17.784
 soc                        picosoc                                                                                                                                                                                 23744           111270.589
  soc/cpu                   picorv32_ENABLE_COUNTERS1_BARREL_SHIFTER1_COMPRESSED_ISA1_ENABLE_MUL1_ENABLE_FAST_MUL0_ENABLE_DIV1_ENABLE_IRQ1_ENABLE_IRQ_QREGS0_PROGADDR_RESET1048576_PROGADDR_IRQ0_STACKADDR1024      20799            66216.672
   soc/cpu/genblk1.pcpi_mul picorv32_pcpi_mul                                                                                                                                                                        1677             6308.874
   soc/cpu/genblk2.pcpi_div picorv32_pcpi_div                                                                                                                                                                        2219             6413.184
  soc/memory                picosoc_mem_WORDS256                                                                                                                                                                       57            34688.581
  soc/simpleuart            simpleuart                                                                                                                                                                               1189             4451.814
  soc/spimemio              spimemio                                                                                                                                                                                 1351             5017.482
   soc/spimemio/xfer        spimemio_xfer                                                                                                                                                                             399             1490.436
