*----------------------------------------------------------------------------------------
*	Innovus 21.11-s130_1 (64bit) 08/19/2021 16:59 (Linux 3.10.0-693.el7.x86_64)
*	
*
* 	Date & Time:	2026-Apr-10 00:04:33 (2026-Apr-09 22:04:33 GMT)
*
*----------------------------------------------------------------------------------------
*
*	Design: et4351
*
*	Liberty Libraries used: 
*	        analysis_view_power: /data/Cadence/gpdk045_v60/gsclib045_svt_v4.7/gsclib045/timing/fast_vdd1v2_basicCells.lib
*	        analysis_view_power: /data/Cadence/gpdk045_v60/Synopsys_sram/saed32sram_tt1p05v125c.lib
*
*	Power Domain used: 
*              Rail:        VDD      Voltage:       1.32 
*
*       Power View : analysis_view_power
*
*       User-Defined Activity : N.A.
*
*	Switching Activity File used: 
*	        ../sim_struct/vcd/et4351.struct.vcd
*                    Vcd Window used(Start Time, Stop Time):   
*                     Vcd Scale Factor: 1 
* *                    Design annotation coverage: 0/79559 = 0% 
*
*       Hierarchical Global Activity: N.A.
*
*       Global Activity: N.A.
*
*       Sequential Element Activity: N.A.
*
*       Primary Input Activity: N.A.
*
*       Default icg ratio: N.A.
*
*       Global Comb ClockGate Ratio: N.A.
*
*	Power Units = 1mW
*
*	Time Units = 1e-09 secs 
*
*       report_power -outfile finalReports/report_power.rpt -hierarchy all
*
-----------------------------------------------------------------------------------------


Total Power 
-----------------------------------------------------------------------------------------
Total Internal Power:        0.15834694 	   65.4670%
Total Switching Power:       0.05441366 	   22.4968%
Total Leakage Power:         0.02911232 	   12.0362%
Total Power:                 0.24187292 
-----------------------------------------------------------------------------------------


Group                           Internal   Switching     Leakage       Total  Percentage 
                                Power      Power         Power         Power  (%)        
-----------------------------------------------------------------------------------------
Sequential                        0.1299   0.0004404    0.007157      0.1375       56.85 
Macro                          4.614e-05   2.587e-05   3.485e-12   7.201e-05     0.02977 
IO                                     0           0    3.18e-07    3.18e-07   0.0001315 
Combinational                   0.007458    0.007317     0.02169     0.03647       15.08 
Clock (Combinational)            0.02054     0.04663   0.0002579     0.06743       27.88 
Clock (Sequential)             0.0003908           0   3.434e-06   0.0003942       0.163 
-----------------------------------------------------------------------------------------
Total                             0.1583     0.05441     0.02911      0.2419         100 
-----------------------------------------------------------------------------------------


Clock                           Internal   Switching     Leakage       Total  Percentage 
                                Power      Power         Power         Power  (%)        
-----------------------------------------------------------------------------------------
clk                              0.02093     0.04663   0.0002613     0.06783       28.04 
-----------------------------------------------------------------------------------------
Total (excluding duplicates)     0.02093     0.04663   0.0002613     0.06783       28.04 
-----------------------------------------------------------------------------------------
Clock: clk
Clock Period: 0.083330 usec 
Clock Toggle Rate:    23.9086 Mhz 
Clock Static Probability:  0.5001



Rail                  Voltage   Internal   Switching     Leakage       Total  Percentage 
                                Power      Power         Power         Power  (%)        
-----------------------------------------------------------------------------------------
VDD                      1.32     0.1583     0.05441     0.02911      0.2419         100 


Total Power 
-----------------------------------------------------------------------------------------
Total Internal Power:        0.15834694 	   65.4670%
Total Switching Power:       0.05441366 	   22.4968%
Total Leakage Power:         0.02911232 	   12.0362%
Total Power:                 0.24187292 
-----------------------------------------------------------------------------------------


Hierarchy                       Internal   Switching     Leakage       Total  Percentage 
                                Power      Power         Power         Power  (%)        
-----------------------------------------------------------------------------------------
soc                               0.1459     0.04578    0.008873      0.2006       82.92  
accel                            0.00855   0.0007099     0.02021     0.02946       12.18  
flash_bufs_0_                          0           0    2.02e-06    2.02e-06    0.000835  
flash_bufs_1_                          0   8.484e-05   1.631e-06   8.647e-05     0.03575  
flash_bufs_2_                          0           0   1.631e-06   1.631e-06   0.0006742  
flash_bufs_3_                          0           0   1.631e-06   1.631e-06   0.0006742  
soc/cpu                           0.1184     0.03674    0.007702      0.1629       67.33  
soc/memory                     6.698e-05   3.784e-05   9.718e-06   0.0001145     0.04736  
accel/fft                              0           0     0.01415     0.01415       5.852  
accel/mem                              0           0    0.005444    0.005444       2.251  
soc/spimemio                     0.01474    0.004225   0.0005529     0.01952       8.069  
soc/simpleuart                   0.01089   0.0009317   0.0005006     0.01232       5.096  
soc/spimemio/xfer               0.006167    0.002373   0.0001595    0.008699       3.597  
soc/cpu/genblk1.pcpi_mul         0.01231   1.654e-05    0.000647     0.01297       5.363  
soc/cpu/genblk2.pcpi_div        0.009765   2.393e-06   0.0007201     0.01049       4.336  


-----------------------------------------------------------------------------------------
*	Power Distribution Summary: 
*                Highest Average Power: soc/cpu/CTS_ccl_a_buf_00026 (CLKBUFX20):         0.002002 
*                Highest Leakage Power: accel/fft/FE_OFC5361_n_2810 (CLKBUFX20):        2.292e-06 
*          Total Cap:      2.98468e-10 F
*          Total instances in design: 73849
*          Total instances in design with no power:     0
*          Total instances in design with no activity:     0
*          Total Fillers and Decap:     0
-----------------------------------------------------------------------------------------

