*----------------------------------------------------------------------------------------
*	Innovus 21.11-s130_1 (64bit) 08/19/2021 16:59 (Linux 3.10.0-693.el7.x86_64)
*	
*
* 	Date & Time:	2026-Apr-10 00:13:09 (2026-Apr-09 22:13:09 GMT)
*
*----------------------------------------------------------------------------------------
*
*	Design: et4351
*
*	Liberty Libraries used: 
*	        analysis_view_power: /home/nfs/asakr/project/design_final/pnr/checkpoints/et4351_done.enc.dat/libs/mmmc/fast_vdd1v2_basicCells.lib
*	        analysis_view_power: /home/nfs/asakr/project/design_final/pnr/checkpoints/et4351_done.enc.dat/libs/mmmc/saed32sram_tt1p05v125c.lib
*
*	Power Domain used: 
*              Rail:        VDD      Voltage:       1.32 
*
*       Power View : analysis_view_power
*
*       User-Defined Activity : N.A.
*
*	Switching Activity File used: 
*	        ../sim_phys/vcd/et4351.phys.hold.vcd
*                    Vcd Window used(Start Time, Stop Time):   
*                     Vcd Scale Factor: 1 
* *                    Design annotation coverage: 0/79559 = 0% 
*
*       Hierarchical Global Activity: N.A.
*
*       Global Activity: N.A.
*
*       Sequential Element Activity: N.A.
*
*       Primary Input Activity: N.A.
*
*       Default icg ratio: N.A.
*
*       Global Comb ClockGate Ratio: N.A.
*
*	Power Units = 1mW
*
*	Time Units = 1e-09 secs 
*
*       report_power -outfile finalReports/report_power_postRouteVCD.rpt -hierarchy all
*
-----------------------------------------------------------------------------------------


Total Power 
-----------------------------------------------------------------------------------------
Total Internal Power:        0.15620897 	   65.4360%
Total Switching Power:       0.05339382 	   22.3667%
Total Leakage Power:         0.02911743 	   12.1973%
Total Power:                 0.23872022 
-----------------------------------------------------------------------------------------


Group                           Internal   Switching     Leakage       Total  Percentage 
                                Power      Power         Power         Power  (%)        
-----------------------------------------------------------------------------------------
Sequential                        0.1293   0.0005052    0.007157      0.1369       57.36 
Macro                                  0   1.964e-05   3.485e-12   1.964e-05    0.008226 
IO                                     0           0    3.18e-07    3.18e-07   0.0001332 
Combinational                   0.006076    0.006365      0.0217     0.03414        14.3 
Clock (Combinational)            0.02047      0.0465   0.0002579     0.06723       28.16 
Clock (Sequential)             0.0003894           0   3.434e-06   0.0003928      0.1645 
-----------------------------------------------------------------------------------------
Total                             0.1562     0.05339     0.02912      0.2387         100 
-----------------------------------------------------------------------------------------


Clock                           Internal   Switching     Leakage       Total  Percentage 
                                Power      Power         Power         Power  (%)        
-----------------------------------------------------------------------------------------
clk                              0.02086      0.0465   0.0002613     0.06762       28.33 
-----------------------------------------------------------------------------------------
Total (excluding duplicates)     0.02086      0.0465   0.0002613     0.06762       28.33 
-----------------------------------------------------------------------------------------
Clock: clk
Clock Period: 0.083330 usec 
Clock Toggle Rate:    23.8183 Mhz 
Clock Static Probability:  0.5002



Rail                  Voltage   Internal   Switching     Leakage       Total  Percentage 
                                Power      Power         Power         Power  (%)        
-----------------------------------------------------------------------------------------
VDD                      1.32     0.1562     0.05339     0.02912      0.2387         100 


Total Power 
-----------------------------------------------------------------------------------------
Total Internal Power:        0.15620897 	   65.4360%
Total Switching Power:       0.05339382 	   22.3667%
Total Leakage Power:         0.02911743 	   12.1973%
Total Power:                 0.23872022 
-----------------------------------------------------------------------------------------


Hierarchy                       Internal   Switching     Leakage       Total  Percentage 
                                Power      Power         Power         Power  (%)        
-----------------------------------------------------------------------------------------
soc                               0.1438     0.04469    0.008869      0.1974       82.68  
accel                           0.008519   0.0007123     0.02021     0.02945       12.33  
flash_bufs_0_                          0           0    2.02e-06    2.02e-06    0.000846  
flash_bufs_1_                          0   0.0001474   1.631e-06    0.000149     0.06241  
flash_bufs_2_                          0           0   1.631e-06   1.631e-06   0.0006831  
flash_bufs_3_                          0           0   1.631e-06   1.631e-06   0.0006831  
soc/cpu                           0.1175     0.03621    0.007699      0.1614        67.6  
soc/memory                     9.166e-07    2.81e-05   9.764e-06   3.879e-05     0.01625  
accel/fft                              0           0     0.01416     0.01416       5.933  
accel/mem                              0           0    0.005443    0.005443        2.28  
soc/spimemio                     0.01389    0.003881   0.0005528     0.01833       7.677  
soc/simpleuart                    0.0107   0.0007944   0.0005005       0.012       5.025  
soc/spimemio/xfer                 0.0053    0.002085   0.0001595    0.007545        3.16  
soc/cpu/genblk1.pcpi_mul          0.0123   4.413e-05   0.0006467     0.01299        5.44  
soc/cpu/genblk2.pcpi_div        0.009755   1.654e-05   0.0007201     0.01049       4.395  


-----------------------------------------------------------------------------------------
*	Power Distribution Summary: 
*                Highest Average Power: soc/cpu/CTS_ccl_a_buf_00026 (CLKBUFX20):         0.001994 
*                Highest Leakage Power: accel/fft/FE_OFC5361_n_2810 (CLKBUFX20):        2.292e-06 
*          Total Cap:      2.99979e-10 F
*          Total instances in design: 73849
*          Total instances in design with no power:     0
*          Total instances in design with no activity:     0
*          Total Fillers and Decap:     0
-----------------------------------------------------------------------------------------

