    Hinst Name              Module Name                                                                                                                                                                        Inst Count           Total Area
-------------------------------------------------------------------------------------------------------------------------------------------------------------------------------------------------------------------------------------------
et4351                                                                                                                                                                                                              54376           223541.665
 accel                      accelerator                                                                                                                                                                             37000           124130.610
  accel/fft                 accelerator_fft_LOG_MAX_N32_MEM_WIDTH32_ADDR_WIDTH7                                                                                                                                     24900            73235.538
  accel/mem                 accelerator_mem_MEM_DEPTH128                                                                                                                                                            11148            46813.302
 flash_bufs_0_              bidir_buf_2262                                                                                                                                                                              2               17.784
 flash_bufs_1_              bidir_buf_2263                                                                                                                                                                              4               25.308
 flash_bufs_2_              bidir_buf_2264                                                                                                                                                                              8               46.854
 flash_bufs_3_              bidir_buf                                                                                                                                                                                   5               35.226
 soc                        picosoc                                                                                                                                                                                 17323            99128.905
  soc/cpu                   picorv32_ENABLE_COUNTERS1_BARREL_SHIFTER1_COMPRESSED_ISA1_ENABLE_MUL1_ENABLE_FAST_MUL0_ENABLE_DIV1_ENABLE_IRQ1_ENABLE_IRQ_QREGS0_PROGADDR_RESET1048576_PROGADDR_IRQ0_STACKADDR1024      15116            56237.796
   soc/cpu/genblk1.pcpi_mul picorv32_pcpi_mul                                                                                                                                                                        1155             5379.318
   soc/cpu/genblk2.pcpi_div picorv32_pcpi_div                                                                                                                                                                        1486             5198.400
  soc/memory                picosoc_mem_WORDS256                                                                                                                                                                       33            34618.129
  soc/simpleuart            simpleuart                                                                                                                                                                                900             3362.544
  soc/spimemio              spimemio                                                                                                                                                                                 1014             4242.510
   soc/spimemio/xfer        spimemio_xfer                                                                                                                                                                             329             1288.314
