*----------------------------------------------------------------------------------------
*	Innovus 21.11-s130_1 (64bit) 08/19/2021 16:59 (Linux 3.10.0-693.el7.x86_64)
*	
*
* 	Date & Time:	2026-Apr-06 12:31:47 (2026-Apr-06 10:31:47 GMT)
*
*----------------------------------------------------------------------------------------
*
*	Design: et4351
*
*	Liberty Libraries used: 
*	        analysis_view_power: /data/Cadence/gpdk045_v60/gsclib045_svt_v4.7/gsclib045/timing/fast_vdd1v2_basicCells.lib
*	        analysis_view_power: /data/Cadence/gpdk045_v60/Synopsys_sram/saed32sram_tt1p05v125c.lib
*
*	Power Domain used: 
*              Rail:        VDD      Voltage:       1.32 
*
*       Power View : analysis_view_power
*
*       User-Defined Activity : N.A.
*
*	Switching Activity File used: 
*	        ../sim_struct/vcd/et4351.struct.vcd
*                    Vcd Window used(Start Time, Stop Time):   
*                     Vcd Scale Factor: 1 
* *                    Design annotation coverage: 0/65527 = 0% 
*
*       Hierarchical Global Activity: N.A.
*
*       Global Activity: N.A.
*
*       Sequential Element Activity: N.A.
*
*       Primary Input Activity: N.A.
*
*       Default icg ratio: N.A.
*
*       Global Comb ClockGate Ratio: N.A.
*
*	Power Units = 1mW
*
*	Time Units = 1e-09 secs 
*
*       report_power -outfile powerReports/postCTSHold.rpt
*
-----------------------------------------------------------------------------------------


Total Power 
-----------------------------------------------------------------------------------------
Total Internal Power:        0.40932656 	   74.3803%
Total Switching Power:       0.11570689 	   21.0255%
Total Leakage Power:         0.02528268 	    4.5942%
Total Power:                 0.55031614 
-----------------------------------------------------------------------------------------


Group                           Internal   Switching     Leakage       Total  Percentage 
                                Power      Power         Power         Power  (%)        
-----------------------------------------------------------------------------------------
Sequential                        0.3518   0.0004394    0.005912      0.3582       65.09 
Macro                          4.287e-06   1.979e-05           0   2.408e-05    0.004375 
IO                                     0           0   2.028e-07   2.028e-07   3.685e-05 
Combinational                   0.007094    0.006219     0.01916     0.03247         5.9 
Clock (Combinational)             0.0504       0.109   0.0002146      0.1596       29.01 
Clock (Sequential)                     0           0           0           0           0 
-----------------------------------------------------------------------------------------
Total                             0.4093      0.1157     0.02528      0.5503         100 
-----------------------------------------------------------------------------------------


Rail                  Voltage   Internal   Switching     Leakage       Total  Percentage 
                                Power      Power         Power         Power  (%)        
-----------------------------------------------------------------------------------------
VDD                      1.32     0.4093      0.1157     0.02528      0.5503         100 


Clock                           Internal   Switching     Leakage       Total  Percentage 
                                Power      Power         Power         Power  (%)        
-----------------------------------------------------------------------------------------
clk                               0.0504       0.109   0.0002146      0.1596       29.01 
-----------------------------------------------------------------------------------------
Total (excluding duplicates)      0.0504       0.109   0.0002146      0.1596       29.01 
-----------------------------------------------------------------------------------------
Clock: clk
Clock Period: 0.015100 usec 
Clock Toggle Rate:    23.9682 Mhz 
Clock Static Probability:  0.4997



-----------------------------------------------------------------------------------------
*	Power Distribution Summary: 
*                Highest Average Power: soc/cpu/CTS_cpc_drv_buf_00377 (CLKBUFX20):         0.001796 
*                Highest Leakage Power: accel/fft/FE_OFC608_n_8579 (CLKBUFX20):        2.292e-06 
*          Total Cap:      2.2372e-10 F
*          Total instances in design: 62835
*          Total instances in design with no power:     0
*          Total instances in design with no activity:     0
*          Total Fillers and Decap:     0
-----------------------------------------------------------------------------------------

