*----------------------------------------------------------------------------------------
*	Innovus 21.11-s130_1 (64bit) 08/19/2021 16:59 (Linux 3.10.0-693.el7.x86_64)
*	
*
* 	Date & Time:	2026-Apr-08 19:57:33 (2026-Apr-08 17:57:33 GMT)
*
*----------------------------------------------------------------------------------------
*
*	Design: et4351
*
*	Liberty Libraries used: 
*	        analysis_view_power: /data/Cadence/gpdk045_v60/gsclib045_svt_v4.7/gsclib045/timing/fast_vdd1v2_basicCells.lib
*	        analysis_view_power: /data/Cadence/gpdk045_v60/Synopsys_sram/saed32sram_tt1p05v125c.lib
*
*	Power Domain used: 
*              Rail:        VDD      Voltage:       1.32 
*
*       Power View : analysis_view_power
*
*       User-Defined Activity : N.A.
*
*	Switching Activity File used: 
*	        ../sim_struct/vcd/et4351.struct.vcd
*                    Vcd Window used(Start Time, Stop Time):   
*                     Vcd Scale Factor: 1 
* *                    Design annotation coverage: 0/57160 = 0% 
*
*       Hierarchical Global Activity: N.A.
*
*       Global Activity: N.A.
*
*       Sequential Element Activity: N.A.
*
*       Primary Input Activity: N.A.
*
*       Default icg ratio: N.A.
*
*       Global Comb ClockGate Ratio: N.A.
*
*	Power Units = 1mW
*
*	Time Units = 1e-09 secs 
*
*       report_power -outfile powerReports/postCTSHold.rpt
*
-----------------------------------------------------------------------------------------


Total Power 
-----------------------------------------------------------------------------------------
Total Internal Power:        0.29426136 	   67.3243%
Total Switching Power:       0.11729724 	   26.8365%
Total Leakage Power:         0.02552191 	    5.8392%
Total Power:                 0.43708051 
-----------------------------------------------------------------------------------------


Group                           Internal   Switching     Leakage       Total  Percentage 
                                Power      Power         Power         Power  (%)        
-----------------------------------------------------------------------------------------
Sequential                        0.2314   0.0007815     0.00706      0.2392       54.73 
Macro                                  0   1.392e-05           0   1.392e-05    0.003185 
IO                                     0           0   1.014e-07   1.014e-07    2.32e-05 
Combinational                    0.03154     0.04883     0.01821     0.09858       22.55 
Clock (Combinational)            0.03103     0.06748   0.0002468     0.09876       22.59 
Clock (Sequential)             0.0003046   0.0001861   2.248e-06    0.000493      0.1128 
-----------------------------------------------------------------------------------------
Total                             0.2943      0.1173     0.02552      0.4371         100 
-----------------------------------------------------------------------------------------


Rail                  Voltage   Internal   Switching     Leakage       Total  Percentage 
                                Power      Power         Power         Power  (%)        
-----------------------------------------------------------------------------------------
VDD                      1.32     0.2943      0.1173     0.02552      0.4371         100 


Clock                           Internal   Switching     Leakage       Total  Percentage 
                                Power      Power         Power         Power  (%)        
-----------------------------------------------------------------------------------------
clk                              0.03133     0.06767   0.0002491     0.09925       22.71 
-----------------------------------------------------------------------------------------
Total (excluding duplicates)     0.03133     0.06767   0.0002491     0.09925       22.71 
-----------------------------------------------------------------------------------------
Clock: clk
Clock Period: 0.083330 usec 
Clock Toggle Rate:    23.9682 Mhz 
Clock Static Probability:  0.4997



-----------------------------------------------------------------------------------------
*	Power Distribution Summary: 
*                Highest Average Power: soc/cpu/CTS_ccl_a_buf_00029 (CLKBUFX20):         0.001815 
*                Highest Leakage Power:       CTS_ccl_a_buf_00022 (CLKBUFX20):         2.21e-06 
*          Total Cap:      2.08991e-10 F
*          Total instances in design: 55536
*          Total instances in design with no power:     0
*          Total instances in design with no activity:     0
*          Total Fillers and Decap:     0
-----------------------------------------------------------------------------------------

