*----------------------------------------------------------------------------------------
*	Innovus 21.11-s130_1 (64bit) 08/19/2021 16:59 (Linux 3.10.0-693.el7.x86_64)
*	
*
* 	Date & Time:	2026-Apr-02 19:04:34 (2026-Apr-02 17:04:34 GMT)
*
*----------------------------------------------------------------------------------------
*
*	Design: et4351
*
*	Liberty Libraries used: 
*	        analysis_view_power: /data/Cadence/gpdk045_v60/gsclib045_svt_v4.7/gsclib045/timing/fast_vdd1v2_basicCells.lib
*	        analysis_view_power: /data/Cadence/gpdk045_v60/Synopsys_sram/saed32sram_tt1p05v125c.lib
*
*	Power Domain used: 
*              Rail:        VDD      Voltage:       1.32 
*
*       Power View : analysis_view_power
*
*       User-Defined Activity : N.A.
*
*	Switching Activity File used: 
*	        ../sim_struct/vcd/et4351.struct.vcd
*                    Vcd Window used(Start Time, Stop Time):   
*                     Vcd Scale Factor: 1 
* *                    Design annotation coverage: 0/94551 = 0% 
*
*       Hierarchical Global Activity: N.A.
*
*       Global Activity: N.A.
*
*       Sequential Element Activity: N.A.
*
*       Primary Input Activity: N.A.
*
*       Default icg ratio: N.A.
*
*       Global Comb ClockGate Ratio: N.A.
*
*	Power Units = 1mW
*
*	Time Units = 1e-09 secs 
*
*       report_power -outfile finalReports/report_power.rpt -hierarchy all
*
-----------------------------------------------------------------------------------------


Total Power 
-----------------------------------------------------------------------------------------
Total Internal Power:        0.54195432 	   69.7628%
Total Switching Power:       0.20000273 	   25.7453%
Total Leakage Power:         0.03489565 	    4.4919%
Total Power:                 0.77685269 
-----------------------------------------------------------------------------------------


Group                           Internal   Switching     Leakage       Total  Percentage 
                                Power      Power         Power         Power  (%)        
-----------------------------------------------------------------------------------------
Sequential                        0.4511    0.001107    0.007163      0.4594       59.14 
Macro                          8.594e-05   1.085e-05   3.485e-12   9.679e-05     0.01246 
IO                                     0           0   3.618e-07   3.618e-07   4.657e-05 
Combinational                    0.02875     0.04759     0.02747      0.1038       13.36 
Clock (Combinational)            0.06197      0.1513   0.0002629      0.2135       27.49 
Clock (Sequential)                     0           0           0           0           0 
-----------------------------------------------------------------------------------------
Total                              0.542         0.2      0.0349      0.7769         100 
-----------------------------------------------------------------------------------------


Clock                           Internal   Switching     Leakage       Total  Percentage 
                                Power      Power         Power         Power  (%)        
-----------------------------------------------------------------------------------------
clk                              0.06197      0.1513   0.0002629      0.2135       27.49 
-----------------------------------------------------------------------------------------
Total (excluding duplicates)     0.06197      0.1513   0.0002629      0.2135       27.49 
-----------------------------------------------------------------------------------------
Clock: clk
Clock Period: 0.083330 usec 
Clock Toggle Rate:    23.9682 Mhz 
Clock Static Probability:  0.4997



Rail                  Voltage   Internal   Switching     Leakage       Total  Percentage 
                                Power      Power         Power         Power  (%)        
-----------------------------------------------------------------------------------------
VDD                      1.32      0.542         0.2      0.0349      0.7769         100 


Total Power 
-----------------------------------------------------------------------------------------
Total Internal Power:        0.54195432 	   69.7628%
Total Switching Power:       0.20000273 	   25.7453%
Total Leakage Power:         0.03489565 	    4.4919%
Total Power:                 0.77685269 
-----------------------------------------------------------------------------------------


Hierarchy                       Internal   Switching     Leakage       Total  Percentage 
                                Power      Power         Power         Power  (%)        
-----------------------------------------------------------------------------------------
accel                             0.3882      0.1301     0.02484      0.5431       69.91  
soc                               0.1448     0.04843    0.009992      0.2032       26.16  
flash_bufs_0_                  7.969e-07   8.376e-06   6.793e-07   9.852e-06    0.001268  
flash_bufs_1_                          0   9.107e-05   5.867e-07   9.166e-05      0.0118  
flash_bufs_2_                          0           0   2.124e-06   2.124e-06   0.0002734  
flash_bufs_3_                          0           0   5.867e-07   5.867e-07   7.553e-05  
accel/fft                         0.1323     0.05696     0.01808      0.2073       26.69  
accel/mem                         0.2437     0.06038    0.006111      0.3102       39.93  
soc/cpu                           0.1155     0.03572    0.008628      0.1599       20.58  
soc/simpleuart                   0.01117    0.001843   0.0005378     0.01355       1.744  
soc/spimemio                     0.01567    0.005982   0.0006124     0.02226       2.865  
soc/memory                     0.0002048   5.278e-05   0.0001057   0.0003633     0.04677  
soc/cpu/genblk1.pcpi_mul           0.012   3.786e-05   0.0009348     0.01298       1.671  
soc/cpu/genblk2.pcpi_div        0.009634   1.371e-05    0.000922     0.01057       1.361  
soc/spimemio/xfer               0.007044    0.004038   0.0001819     0.01126        1.45  


-----------------------------------------------------------------------------------------
*	Power Distribution Summary: 
*                Highest Average Power: soc/cpu/CTS_ccl_a_buf_00030 (CLKBUFX20):         0.002183 
*                Highest Leakage Power: soc/cpu/FE_PDC32677_n_3869 (CLKBUFX20):        2.292e-06 
*          Total Cap:      4.49848e-10 F
*          Total instances in design: 88841
*          Total instances in design with no power:     0
*          Total instances in design with no activity:     0
*          Total Fillers and Decap:     0
-----------------------------------------------------------------------------------------

